// Jest Snapshot v1, https://goo.gl/fbAQLP

exports[`matches snapshot 1`] = `
<button
  className="Button undefined"
  data-testid="button_test"
/>
`;
