// Jest Snapshot v1, https://goo.gl/fbAQLP

exports[`matches snapshot 1`] = `
<ul
  className="list-timeline list-timeline-label"
  data-testid="ul-list"
/>
`;
